[laravel.com/docs/7.html]
[backblue.gif]
[fade.gif]
[index.html]
[laravel.com/docs/7.x/installation.html]
[laravel.com/img/favicon/apple-touch-icon.png]
[laravel.com/img/favicon/favicon-32x32.png]
[laravel.com/img/favicon/favicon-16x16.png]
[laravel.com/img/favicon/site.webmanifest]
[laravel.com/img/favicon/safari-pinned-tab.svg]
[laravel.com/img/favicon/favicon.ico]
[laravel.com/img/favicon/browserconfig.xml]
[use.typekit.net/ins2wgm.css]
[laravel.com/css/appf1ab.css]
[cdnjs.cloudflare.com/ajax/libs/jquery/2.1.0/jquery.min.js]
[laravel.com/img/logomark.min.svg]
[laravel.com/img/logotype.min.svg]
[laravel.com/docs/7.x/releases.html]
[laravel.com/docs/7.x/upgrade.html]
[laravel.com/docs/7.x/contributions.html]
[laravel.com/docs/7.x/configuration.html]
[laravel.com/docs/7.x/structure.html]
[laravel.com/docs/7.x/homestead.html]
[laravel.com/docs/7.x/valet.html]
[laravel.com/docs/7.x/deployment.html]
[laravel.com/docs/7.x/lifecycle.html]
[laravel.com/docs/7.x/container.html]
[laravel.com/docs/7.x/providers.html]
[laravel.com/docs/7.x/facades.html]
[laravel.com/docs/7.x/contracts.html]
[laravel.com/docs/7.x/routing.html]
[laravel.com/docs/7.x/middleware.html]
[laravel.com/docs/7.x/csrf.html]
[laravel.com/docs/7.x/controllers.html]
[laravel.com/docs/7.x/requests.html]
[laravel.com/docs/7.x/responses.html]
[laravel.com/docs/7.x/views.html]
[laravel.com/docs/7.x/urls.html]
[laravel.com/docs/7.x/session.html]
[laravel.com/docs/7.x/validation.html]
[laravel.com/docs/7.x/errors.html]
[laravel.com/docs/7.x/logging.html]
[laravel.com/docs/7.x/blade.html]
[laravel.com/docs/7.x/localization.html]
[laravel.com/docs/7.x/frontend.html]
[laravel.com/docs/7.x/mix.html]
[laravel.com/docs/7.x/authentication.html]
[laravel.com/docs/7.x/authorization.html]
[laravel.com/docs/7.x/verification.html]
[laravel.com/docs/7.x/encryption.html]
[laravel.com/docs/7.x/hashing.html]
[laravel.com/docs/7.x/passwords.html]
[laravel.com/docs/7.x/artisan.html]
[laravel.com/docs/7.x/broadcasting.html]
[laravel.com/docs/7.x/cache.html]
[laravel.com/docs/7.x/collections.html]
[laravel.com/docs/7.x/events.html]
[laravel.com/docs/7.x/filesystem.html]
[laravel.com/docs/7.x/helpers.html]
[laravel.com/docs/7.x/http-client.html]
[laravel.com/docs/7.x/mail.html]
[laravel.com/docs/7.x/notifications.html]
[laravel.com/docs/7.x/packages.html]
[laravel.com/docs/7.x/queues.html]
[laravel.com/docs/7.x/scheduling.html]
[laravel.com/docs/7.x/database.html]
[laravel.com/docs/7.x/queries.html]
[laravel.com/docs/7.x/pagination.html]
[laravel.com/docs/7.x/migrations.html]
[laravel.com/docs/7.x/seeding.html]
[laravel.com/docs/7.x/redis.html]
[laravel.com/docs/7.x/eloquent.html]
[laravel.com/docs/7.x/eloquent-relationships.html]
[laravel.com/docs/7.x/eloquent-collections.html]
[laravel.com/docs/7.x/eloquent-mutators.html]
[laravel.com/docs/7.x/eloquent-resources.html]
[laravel.com/docs/7.x/eloquent-serialization.html]
[laravel.com/docs/7.x/testing.html]
[laravel.com/docs/7.x/http-tests.html]
[laravel.com/docs/7.x/console-tests.html]
[laravel.com/docs/7.x/dusk.html]
[laravel.com/docs/7.x/database-testing.html]
[laravel.com/docs/7.x/mocking.html]
[laravel.com/docs/7.x/billing.html]
[laravel.com/docs/7.x/cashier-paddle.html]
[laravel.com/docs/7.x/envoy.html]
[laravel.com/docs/7.x/horizon.html]
[laravel.com/docs/7.x/passport.html]
[laravel.com/docs/7.x/sanctum.html]
[laravel.com/docs/7.x/scout.html]
[laravel.com/docs/7.x/socialite.html]
[laravel.com/docs/7.x/telescope.html]
[cdn.carbonads.com/carbon83bb.js]
[corporate.aboutyou.de/app/uploads/2019/08/INTRO-Pitch-I-AY-Tech245c.pdf]
[laravel.com/img/social/twitter.min.svg]
[laravel.com/img/social/github.min.svg]
[laravel.com/img/social/discord.min.svg]
[laravel.com/docs/7.html]
[laravel.com/docs/7.x/installation.html]
[laravel.com/js/app4192.js]
[res.cloudinary.com/dtfbvvkyp/image/upload/v1582142435/Screen_Shot_2020-02-19_at_2.00.01_PM.png]
[res.cloudinary.com/dtfbvvkyp/image/upload/v1582142674/Screen_Shot_2020-02-19_at_2.04.11_PM.png]
[laravel.com/docs/7.x/releases.html]
[laravel.com/docs/7.x/upgrade.html]
[laravel.com/docs/7.x/contributions.html]
[laravel.com/docs/7.x/configuration.html]
[laravel.com/docs/7.x/structure.html]
[laravel.com/docs/7.x/homestead.html]
[laravel.com/docs/7.x/valet.html]
[laravel.com/docs/7.x/deployment.html]
[laravel.com/docs/7.x/lifecycle.html]
[laravel.com/docs/7.x/container.html]
[laravel.com/docs/7.x/providers.html]
[laravel.com/docs/7.x/facades.html]
[laravel.com/docs/7.x/contracts.html]
[laravel.com/docs/7.x/routing.html]
[laravel.com/docs/7.x/middleware.html]
[laravel.com/docs/7.x/csrf.html]
[laravel.com/docs/7.x/controllers.html]
[laravel.com/docs/7.x/requests.html]
[laravel.com/docs/7.x/responses.html]
[laravel.com/docs/7.x/views.html]
[laravel.com/docs/7.x/urls.html]
[laravel.com/docs/7.x/session.html]
[laravel.com/docs/7.x/validation.html]
[laravel.com/docs/7.x/errors.html]
[laravel.com/docs/7.x/logging.html]
[laravel.com/docs/7.x/blade.html]
[laravel.com/docs/7.x/localization.html]
[laravel.com/docs/7.x/frontend.html]
[laravel.com/docs/7.x/mix.html]
[laravel.com/docs/7.x/authentication.html]
[laravel.com/docs/7.x/authorization.html]
[laravel.com/docs/7.x/verification.html]
[laravel.com/docs/7.x/encryption.html]
[laravel.com/docs/7.x/hashing.html]
[laravel.com/cdn-cgi/scripts/5c5dd728/cloudflare-static/email-decode.min.js]
[laravel.com/docs/7.x/passwords.html]
[laravel.com/docs/7.x/artisan.html]
[laravel.com/docs/7.x/broadcasting.html]
[laravel.com/docs/7.x/cache.html]
[laravel.com/docs/7.x/collections.html]
[laravel.com/docs/7.x/events.html]
[laravel.com/docs/7.x/filesystem.html]
[laravel.com/docs/7.x/helpers.html]
[laravel.com/docs/7.x/http-client.html]
[laravel.com/docs/7.x/mail.html]
[laravel.com/img/docs/notification-example.png]
[laravel.com/img/docs/basic-slack-notification.png]
[laravel.com/img/docs/basic-slack-attachment.png]
[laravel.com/img/docs/slack-fields-attachment.png]
[laravel.com/docs/7.x/notifications.html]
[laravel.com/docs/7.x/packages.html]
[laravel.com/docs/7.x/queues.html]
[laravel.com/docs/7.x/scheduling.html]
[laravel.com/docs/7.x/database.html]
[laravel.com/docs/7.x/queries.html]
[laravel.com/docs/7.x/pagination.html]
[laravel.com/docs/7.x/migrations.html]
[laravel.com/docs/7.x/seeding.html]
[laravel.com/docs/7.x/redis.html]
[laravel.com/docs/7.x/eloquent.html]
[laravel.com/docs/7.x/eloquent-relationships.html]
[laravel.com/docs/7.x/eloquent-collections.html]
[laravel.com/docs/7.x/eloquent-mutators.html]
[laravel.com/docs/7.x/eloquent-resources.html]
[laravel.com/docs/7.x/eloquent-serialization.html]
[laravel.com/docs/7.x/testing.html]
[laravel.com/docs/7.x/http-tests.html]
[laravel.com/docs/7.x/console-tests.html]
[laravel.com/docs/7.x/dusk.html]
[laravel.com/docs/7.x/database-testing.html]
[laravel.com/docs/7.x/mocking.html]
[laravel.com/docs/7.x/subscription-quantity]
[laravel.com/docs/7.x/billing.html]
[laravel.com/docs/7.x/cashier-paddle.html]
[laravel.com/docs/7.x/envoy.html]
[res.cloudinary.com/dtfbvvkyp/image/upload/v1537195039/photos/Test.png]
[laravel.com/docs/7.x/horizon.html]
[laravel.com/docs/7.x/passport.html]
[laravel.com/docs/7.x/sanctum.html]
[laravel.com/docs/7.x/scout.html]
[laravel.com/docs/7.x/socialite.html]
[res.cloudinary.com/dtfbvvkyp/image/upload/v1539110860/Screen_Shot_2018-10-09_at_1.47.23_PM.png]
[laravel.com/docs/7.x/telescope.html]
[laravel.com/docs/7.x/subscription-quantity.html]
[laravel.com/img/favicon/safari-pinned-tab.svg]
[laravel.com/img/favicon/browserconfig.xml]
[laravel.com/img/favicon/favicon.ico]
[cdn.carbonads.com/carbon83bb.js]
[cdnjs.cloudflare.com/ajax/libs/jquery/2.1.0/jquery.min.js]
[laravel.com/js/app4192.js]
[laravel.com/cdn-cgi/scripts/5c5dd728/cloudflare-static/email-decode.min.js]
[res.cloudinary.com/dtfbvvkyp/image/upload/v1582142435/Screen_Shot_2020-02-19_at_2.00.01_PM.png]
[res.cloudinary.com/dtfbvvkyp/image/upload/v1582142674/Screen_Shot_2020-02-19_at_2.04.11_PM.png]
[corporate.aboutyou.de/app/uploads/2019/08/INTRO-Pitch-I-AY-Tech245c.pdf]
[use.typekit.net/af/3c21b3/0000000000000000000179cf/27/le196]
[use.typekit.net/af/3c21b3/0000000000000000000179cf/27/de196]
[use.typekit.net/af/3c21b3/0000000000000000000179cf/27/ae196]
[use.typekit.net/af/3c21b3/0000000000000000000179cf/27/ae196]
[use.typekit.net/af/d090fb/0000000000000000000179d0/27/lfdcc]
[use.typekit.net/af/d090fb/0000000000000000000179d0/27/dfdcc]
[use.typekit.net/af/d090fb/0000000000000000000179d0/27/afdcc]
[use.typekit.net/af/466f33/00000000000000003b9ace2b/27/l652f]
[use.typekit.net/af/466f33/00000000000000003b9ace2b/27/d652f]
[use.typekit.net/af/466f33/00000000000000003b9ace2b/27/a652f]
[use.typekit.net/af/ffb99e/00000000000000003b9ace2a/27/le003]
[use.typekit.net/af/ffb99e/00000000000000003b9ace2a/27/de003]
[use.typekit.net/af/466f33/00000000000000003b9ace2b/27/d652f]
[use.typekit.net/af/466f33/00000000000000003b9ace2b/27/a652f]
[use.typekit.net/af/ffb99e/00000000000000003b9ace2a/27/ae003]
[use.typekit.net/af/eadc3e/00000000000000003b9ace29/27/le196]
[use.typekit.net/af/eadc3e/00000000000000003b9ace29/27/de196]
[use.typekit.net/af/eadc3e/00000000000000003b9ace29/27/le196]
[use.typekit.net/af/ffb99e/00000000000000003b9ace2a/27/ae003]
[use.typekit.net/af/eadc3e/00000000000000003b9ace29/27/ae196]
[use.typekit.net/af/13767c/0000000000000000000158dd/27/l652f]
[use.typekit.net/af/13767c/0000000000000000000158dd/27/d652f]
[use.typekit.net/af/13767c/0000000000000000000158dd/27/a652f]
[use.typekit.net/af/7e0390/0000000000000000000158e4/27/le003]
[use.typekit.net/af/13767c/0000000000000000000158dd/27/d652f]
[use.typekit.net/af/13767c/0000000000000000000158dd/27/a652f]
[use.typekit.net/af/7e0390/0000000000000000000158e4/27/de003]
[use.typekit.net/af/7e0390/0000000000000000000158e4/27/de003]
[use.typekit.net/af/7e0390/0000000000000000000158e4/27/ae003]
[use.typekit.net/af/4cf72c/0000000000000000000158e6/27/laf99]
[use.typekit.net/af/4cf72c/0000000000000000000158e6/27/daf99]
[use.typekit.net/af/4cf72c/0000000000000000000158e6/27/aaf99]
[use.typekit.net/af/4cf72c/0000000000000000000158e6/27/daf99]
[use.typekit.net/af/e3f590/0000000000000000000158e7/27/le196]
[use.typekit.net/af/e3f590/0000000000000000000158e7/27/de196]
[use.typekit.net/af/e3f590/0000000000000000000158e7/27/ae196]
[use.typekit.net/af/396f3b/0000000000000000000158e8/27/lfdcc]
[use.typekit.net/af/396f3b/0000000000000000000158e8/27/dfdcc]
[use.typekit.net/af/396f3b/0000000000000000000158e8/27/lfdcc]
[use.typekit.net/af/396f3b/0000000000000000000158e8/27/afdcc]
[use.typekit.net/ins2wgm.css]
[laravel.com/img/icons/search.min.svg]
[laravel.com/img/icons/drop_arrow.min.svg]
[laravel.com/img/icons/close.min.svg]
[laravel.com/img/icons/ul_marker.min.svg]
[laravel.com/css/appf1ab.css]
[laravel.com/img/logomark.min.svg]
[laravel.com/img/logotype.min.svg]
[laravel.com/img/social/twitter.min.svg]
[laravel.com/img/social/github.min.svg]
[laravel.com/img/social/discord.min.svg]
[p.typekit.net/p3814.css]
[laravel.com/img/icons/active_marker.min.svg]
[laravel.com/img/icons/search.min.svg]
[laravel.com/img/icons/drop_arrow.min.svg]
[laravel.com/img/icons/close.min.svg]
[laravel.com/img/icons/ul_marker.min.svg]
[laravel.com/img/icons/active_marker.min.svg]
